exports[`test renders correctly 1`] = `
<div
  className="AboutUs">
  <div
    className="flex-module">
    <h3>
      <span
        className="AboutUs-title">
        About
      </span>
    </h3>
    <p>
      Wallie is a platform that allows users share short posts with the world. It accepts text, links, and images.
    </p>
  </div>
</div>
`;
