exports[`StreamItemHeaderTimeDisplay component test suite Base test renders correct snapshot 1`] = `
<small
  className="time">
  <a
    className="post-timestamp"
    onBlur={[Function]}
    onClick={null}
    onFocus={[Function]}
    onMouseOut={[Function]}
    onMouseOver={[Function]}>
    <span
      className="timestamp">
      a month
    </span>
    <span
      style={
        Object {
          "display": "none",
        }
      }>
      a month ago
    </span>
  </a>
</small>
`;
